I'm sorry, but errors were detected in your script. Please correct the
errors listed below, and try again.


File "game/start.rpy", line 22: end of line expected.
    text "{size=+10}{cps=10}Итак, ты — в Игре!\nЭтот путь будет только твоим. Качай задания, смотри подсказки, следи за волшебными кнопкам, стань лучшим!\nУдачи!{/cps}{/size}" xpos 930 ypos 580 xsize 830 ysize 400 color "#ffffff"
                                                                                                                                                                                ^

Ren'Py Version: Ren'Py 8.1.1.23060707
Thu Jul  6 13:35:28 2023
